[0.000000] (-) TimerEvent: {}
[0.000462] (my_robot_bringup) JobQueued: {'identifier': 'my_robot_bringup', 'dependencies': OrderedDict()}
[0.000721] (my_robot_description) JobQueued: {'identifier': 'my_robot_description', 'dependencies': OrderedDict()}
[0.000841] (my_robot_bringup) JobStarted: {'identifier': 'my_robot_bringup'}
[0.011772] (my_robot_description) JobStarted: {'identifier': 'my_robot_description'}
[0.016056] (my_robot_bringup) JobProgress: {'identifier': 'my_robot_bringup', 'progress': 'cmake'}
[0.016540] (my_robot_bringup) Command: {'cmd': ['/usr/bin/cmake', '/home/vincent-pc/ros2_humble/src/my_robot_bringup', '-DCMAKE_INSTALL_PREFIX=/home/vincent-pc/ros2_humble/install/my_robot_bringup'], 'cwd': '/home/vincent-pc/ros2_humble/build/my_robot_bringup', 'env': OrderedDict([('GJS_DEBUG_TOPICS', 'JS ERROR;JS LOG'), ('LESSOPEN', '| /usr/bin/lesspipe %s'), ('USER', 'vincent-pc'), ('LC_TIME', 'es_CO.UTF-8'), ('XDG_SESSION_TYPE', 'wayland'), ('SHLVL', '1'), ('LD_LIBRARY_PATH', '/opt/ros/humble/opt/rviz_ogre_vendor/lib:/opt/ros/humble/lib/x86_64-linux-gnu:/opt/ros/humble/lib'), ('HOME', '/home/vincent-pc'), ('DESKTOP_SESSION', 'ubuntu'), ('GIO_LAUNCHED_DESKTOP_FILE', '/usr/share/applications/terminator.desktop'), ('ROS_PYTHON_VERSION', '3'), ('GNOME_SHELL_SESSION_MODE', 'ubuntu'), ('GTK_MODULES', 'gail:atk-bridge'), ('LC_MONETARY', 'es_CO.UTF-8'), ('MANAGERPID', '2504'), ('SYSTEMD_EXEC_PID', '32900'), ('IM_CONFIG_CHECK_ENV', '1'), ('DBUS_SESSION_BUS_ADDRESS', 'unix:path=/run/user/1000/bus'), ('COLORTERM', 'truecolor'), ('TERMINATOR_DBUS_NAME', 'net.tenshu.Terminator25ef4b219e3b005583550f2b0f9f990c3'), ('GIO_LAUNCHED_DESKTOP_FILE_PID', '34745'), ('_colcon_cd_root', '/opt/ros/foxy/'), ('QT_QPA_PLATFORMTHEME', 'appmenu-qt5'), ('IM_CONFIG_PHASE', '1'), ('WAYLAND_DISPLAY', 'wayland-0'), ('COLCON_PREFIX_PATH', '/home/vincent-pc/ros2_humble/install'), ('ROS_DISTRO', 'humble'), ('LOGNAME', 'vincent-pc'), ('JOURNAL_STREAM', '8:432705'), ('_', '/usr/bin/colcon'), ('ROS_VERSION', '2'), ('XDG_SESSION_CLASS', 'user'), ('USERNAME', 'vincent-pc'), ('TERM', 'xterm-256color'), ('GNOME_DESKTOP_SESSION_ID', 'this-is-deprecated'), ('ROS_LOCALHOST_ONLY', '0'), ('PATH', '/opt/ros/humble/bin:/home/vincent-pc/bin:/home/vincent-pc/.local/bin:/home/vincent-pc/bin:/home/vincent-pc/.local/bin:/usr/local/sbin:/usr/local/bin:/usr/sbin:/usr/bin:/sbin:/bin:/usr/games:/usr/local/games:/snap/bin:/snap/bin'), ('SESSION_MANAGER', 'local/vincentpc-Aspire-A315-57G:@/tmp/.ICE-unix/32878,unix/vincentpc-Aspire-A315-57G:/tmp/.ICE-unix/32878'), ('INVOCATION_ID', 'a171d96a2e1141feb51a0d96843f0511'), ('XDG_MENU_PREFIX', 'gnome-'), ('LC_ADDRESS', 'es_CO.UTF-8'), ('GNOME_SETUP_DISPLAY', ':1'), ('XDG_RUNTIME_DIR', '/run/user/1000'), ('ZEITGEIST_DATA_PATH', '/home/vincent-pc/.local/share/zeitgeist'), ('DISPLAY', ':0'), ('TERMINATOR_DBUS_PATH', '/net/tenshu/Terminator2'), ('LANG', 'en_US.UTF-8'), ('XDG_CURRENT_DESKTOP', 'ubuntu:GNOME'), ('IBUS_DISABLE_SNOOPER', '1'), ('LC_TELEPHONE', 'es_CO.UTF-8'), ('XMODIFIERS', '@im=ibus'), ('XDG_SESSION_DESKTOP', 'ubuntu'), ('XAUTHORITY', '/run/user/1000/.mutter-Xwaylandauth.MGAC82'), ('LS_COLORS', 'rs=0:di=01;34:ln=01;36:mh=00:pi=40;33:so=01;35:do=01;35:bd=40;33;01:cd=40;33;01:or=40;31;01:mi=00:su=37;41:sg=30;43:ca=30;41:tw=30;42:ow=34;42:st=37;44:ex=01;32:*.tar=01;31:*.tgz=01;31:*.arc=01;31:*.arj=01;31:*.taz=01;31:*.lha=01;31:*.lz4=01;31:*.lzh=01;31:*.lzma=01;31:*.tlz=01;31:*.txz=01;31:*.tzo=01;31:*.t7z=01;31:*.zip=01;31:*.z=01;31:*.dz=01;31:*.gz=01;31:*.lrz=01;31:*.lz=01;31:*.lzo=01;31:*.xz=01;31:*.zst=01;31:*.tzst=01;31:*.bz2=01;31:*.bz=01;31:*.tbz=01;31:*.tbz2=01;31:*.tz=01;31:*.deb=01;31:*.rpm=01;31:*.jar=01;31:*.war=01;31:*.ear=01;31:*.sar=01;31:*.rar=01;31:*.alz=01;31:*.ace=01;31:*.zoo=01;31:*.cpio=01;31:*.7z=01;31:*.rz=01;31:*.cab=01;31:*.wim=01;31:*.swm=01;31:*.dwm=01;31:*.esd=01;31:*.jpg=01;35:*.jpeg=01;35:*.mjpg=01;35:*.mjpeg=01;35:*.gif=01;35:*.bmp=01;35:*.pbm=01;35:*.pgm=01;35:*.ppm=01;35:*.tga=01;35:*.xbm=01;35:*.xpm=01;35:*.tif=01;35:*.tiff=01;35:*.png=01;35:*.svg=01;35:*.svgz=01;35:*.mng=01;35:*.pcx=01;35:*.mov=01;35:*.mpg=01;35:*.mpeg=01;35:*.m2v=01;35:*.mkv=01;35:*.webm=01;35:*.webp=01;35:*.ogm=01;35:*.mp4=01;35:*.m4v=01;35:*.mp4v=01;35:*.vob=01;35:*.qt=01;35:*.nuv=01;35:*.wmv=01;35:*.asf=01;35:*.rm=01;35:*.rmvb=01;35:*.flc=01;35:*.avi=01;35:*.fli=01;35:*.flv=01;35:*.gl=01;35:*.dl=01;35:*.xcf=01;35:*.xwd=01;35:*.yuv=01;35:*.cgm=01;35:*.emf=01;35:*.ogv=01;35:*.ogx=01;35:*.aac=00;36:*.au=00;36:*.flac=00;36:*.m4a=00;36:*.mid=00;36:*.midi=00;36:*.mka=00;36:*.mp3=00;36:*.mpc=00;36:*.ogg=00;36:*.ra=00;36:*.wav=00;36:*.oga=00;36:*.opus=00;36:*.spx=00;36:*.xspf=00;36:'), ('SSH_AGENT_LAUNCHER', 'gnome-keyring'), ('SSH_AUTH_SOCK', '/run/user/1000/keyring/ssh'), ('ROS_DOMAIN_ID', '30'), ('AMENT_PREFIX_PATH', '/home/vincent-pc/ros2_humble/install/my_robot_description:/opt/ros/humble'), ('SHELL', '/bin/bash'), ('LC_NAME', 'es_CO.UTF-8'), ('TERMINATOR_UUID', 'urn:uuid:3eb0706f-95eb-4157-9339-6150e3b0e175'), ('QT_ACCESSIBILITY', '1'), ('GDMSESSION', 'ubuntu'), ('LESSCLOSE', '/usr/bin/lesspipe %s %s'), ('LC_MEASUREMENT', 'es_CO.UTF-8'), ('GJS_DEBUG_OUTPUT', 'stderr'), ('LC_IDENTIFICATION', 'es_CO.UTF-8'), ('QT_IM_MODULE', 'ibus'), ('PWD', '/home/vincent-pc/ros2_humble/build/my_robot_bringup'), ('LC_ALL', 'en_US.UTF-8'), ('XDG_CONFIG_DIRS', '/etc/xdg/xdg-ubuntu:/etc/xdg'), ('XDG_DATA_DIRS', '/usr/share/ubuntu:/usr/local/share/:/usr/share/:/var/lib/snapd/desktop'), ('PYTHONPATH', '/opt/ros/humble/lib/python3.10/site-packages:/opt/ros/humble/local/lib/python3.10/dist-packages'), ('LC_NUMERIC', 'es_CO.UTF-8'), ('LC_PAPER', 'es_CO.UTF-8'), ('COLCON', '1'), ('VTE_VERSION', '6800'), ('CMAKE_PREFIX_PATH', '/home/vincent-pc/ros2_humble/install/my_robot_description')]), 'shell': False}
[0.020281] (my_robot_description) JobProgress: {'identifier': 'my_robot_description', 'progress': 'cmake'}
[0.021187] (my_robot_description) JobProgress: {'identifier': 'my_robot_description', 'progress': 'build'}
[0.021802] (my_robot_description) Command: {'cmd': ['/usr/bin/cmake', '--build', '/home/vincent-pc/ros2_humble/build/my_robot_description', '--', '-j8', '-l8'], 'cwd': '/home/vincent-pc/ros2_humble/build/my_robot_description', 'env': OrderedDict([('GJS_DEBUG_TOPICS', 'JS ERROR;JS LOG'), ('LESSOPEN', '| /usr/bin/lesspipe %s'), ('USER', 'vincent-pc'), ('LC_TIME', 'es_CO.UTF-8'), ('XDG_SESSION_TYPE', 'wayland'), ('SHLVL', '1'), ('LD_LIBRARY_PATH', '/opt/ros/humble/opt/rviz_ogre_vendor/lib:/opt/ros/humble/lib/x86_64-linux-gnu:/opt/ros/humble/lib'), ('HOME', '/home/vincent-pc'), ('DESKTOP_SESSION', 'ubuntu'), ('GIO_LAUNCHED_DESKTOP_FILE', '/usr/share/applications/terminator.desktop'), ('ROS_PYTHON_VERSION', '3'), ('GNOME_SHELL_SESSION_MODE', 'ubuntu'), ('GTK_MODULES', 'gail:atk-bridge'), ('LC_MONETARY', 'es_CO.UTF-8'), ('MANAGERPID', '2504'), ('SYSTEMD_EXEC_PID', '32900'), ('IM_CONFIG_CHECK_ENV', '1'), ('DBUS_SESSION_BUS_ADDRESS', 'unix:path=/run/user/1000/bus'), ('COLORTERM', 'truecolor'), ('TERMINATOR_DBUS_NAME', 'net.tenshu.Terminator25ef4b219e3b005583550f2b0f9f990c3'), ('GIO_LAUNCHED_DESKTOP_FILE_PID', '34745'), ('_colcon_cd_root', '/opt/ros/foxy/'), ('QT_QPA_PLATFORMTHEME', 'appmenu-qt5'), ('IM_CONFIG_PHASE', '1'), ('WAYLAND_DISPLAY', 'wayland-0'), ('COLCON_PREFIX_PATH', '/home/vincent-pc/ros2_humble/install'), ('ROS_DISTRO', 'humble'), ('LOGNAME', 'vincent-pc'), ('JOURNAL_STREAM', '8:432705'), ('_', '/usr/bin/colcon'), ('ROS_VERSION', '2'), ('XDG_SESSION_CLASS', 'user'), ('USERNAME', 'vincent-pc'), ('TERM', 'xterm-256color'), ('GNOME_DESKTOP_SESSION_ID', 'this-is-deprecated'), ('ROS_LOCALHOST_ONLY', '0'), ('PATH', '/opt/ros/humble/bin:/home/vincent-pc/bin:/home/vincent-pc/.local/bin:/home/vincent-pc/bin:/home/vincent-pc/.local/bin:/usr/local/sbin:/usr/local/bin:/usr/sbin:/usr/bin:/sbin:/bin:/usr/games:/usr/local/games:/snap/bin:/snap/bin'), ('SESSION_MANAGER', 'local/vincentpc-Aspire-A315-57G:@/tmp/.ICE-unix/32878,unix/vincentpc-Aspire-A315-57G:/tmp/.ICE-unix/32878'), ('INVOCATION_ID', 'a171d96a2e1141feb51a0d96843f0511'), ('XDG_MENU_PREFIX', 'gnome-'), ('LC_ADDRESS', 'es_CO.UTF-8'), ('GNOME_SETUP_DISPLAY', ':1'), ('XDG_RUNTIME_DIR', '/run/user/1000'), ('ZEITGEIST_DATA_PATH', '/home/vincent-pc/.local/share/zeitgeist'), ('DISPLAY', ':0'), ('TERMINATOR_DBUS_PATH', '/net/tenshu/Terminator2'), ('LANG', 'en_US.UTF-8'), ('XDG_CURRENT_DESKTOP', 'ubuntu:GNOME'), ('IBUS_DISABLE_SNOOPER', '1'), ('LC_TELEPHONE', 'es_CO.UTF-8'), ('XMODIFIERS', '@im=ibus'), ('XDG_SESSION_DESKTOP', 'ubuntu'), ('XAUTHORITY', '/run/user/1000/.mutter-Xwaylandauth.MGAC82'), ('LS_COLORS', 'rs=0:di=01;34:ln=01;36:mh=00:pi=40;33:so=01;35:do=01;35:bd=40;33;01:cd=40;33;01:or=40;31;01:mi=00:su=37;41:sg=30;43:ca=30;41:tw=30;42:ow=34;42:st=37;44:ex=01;32:*.tar=01;31:*.tgz=01;31:*.arc=01;31:*.arj=01;31:*.taz=01;31:*.lha=01;31:*.lz4=01;31:*.lzh=01;31:*.lzma=01;31:*.tlz=01;31:*.txz=01;31:*.tzo=01;31:*.t7z=01;31:*.zip=01;31:*.z=01;31:*.dz=01;31:*.gz=01;31:*.lrz=01;31:*.lz=01;31:*.lzo=01;31:*.xz=01;31:*.zst=01;31:*.tzst=01;31:*.bz2=01;31:*.bz=01;31:*.tbz=01;31:*.tbz2=01;31:*.tz=01;31:*.deb=01;31:*.rpm=01;31:*.jar=01;31:*.war=01;31:*.ear=01;31:*.sar=01;31:*.rar=01;31:*.alz=01;31:*.ace=01;31:*.zoo=01;31:*.cpio=01;31:*.7z=01;31:*.rz=01;31:*.cab=01;31:*.wim=01;31:*.swm=01;31:*.dwm=01;31:*.esd=01;31:*.jpg=01;35:*.jpeg=01;35:*.mjpg=01;35:*.mjpeg=01;35:*.gif=01;35:*.bmp=01;35:*.pbm=01;35:*.pgm=01;35:*.ppm=01;35:*.tga=01;35:*.xbm=01;35:*.xpm=01;35:*.tif=01;35:*.tiff=01;35:*.png=01;35:*.svg=01;35:*.svgz=01;35:*.mng=01;35:*.pcx=01;35:*.mov=01;35:*.mpg=01;35:*.mpeg=01;35:*.m2v=01;35:*.mkv=01;35:*.webm=01;35:*.webp=01;35:*.ogm=01;35:*.mp4=01;35:*.m4v=01;35:*.mp4v=01;35:*.vob=01;35:*.qt=01;35:*.nuv=01;35:*.wmv=01;35:*.asf=01;35:*.rm=01;35:*.rmvb=01;35:*.flc=01;35:*.avi=01;35:*.fli=01;35:*.flv=01;35:*.gl=01;35:*.dl=01;35:*.xcf=01;35:*.xwd=01;35:*.yuv=01;35:*.cgm=01;35:*.emf=01;35:*.ogv=01;35:*.ogx=01;35:*.aac=00;36:*.au=00;36:*.flac=00;36:*.m4a=00;36:*.mid=00;36:*.midi=00;36:*.mka=00;36:*.mp3=00;36:*.mpc=00;36:*.ogg=00;36:*.ra=00;36:*.wav=00;36:*.oga=00;36:*.opus=00;36:*.spx=00;36:*.xspf=00;36:'), ('SSH_AGENT_LAUNCHER', 'gnome-keyring'), ('SSH_AUTH_SOCK', '/run/user/1000/keyring/ssh'), ('ROS_DOMAIN_ID', '30'), ('AMENT_PREFIX_PATH', '/home/vincent-pc/ros2_humble/install/my_robot_description:/opt/ros/humble'), ('SHELL', '/bin/bash'), ('LC_NAME', 'es_CO.UTF-8'), ('TERMINATOR_UUID', 'urn:uuid:3eb0706f-95eb-4157-9339-6150e3b0e175'), ('QT_ACCESSIBILITY', '1'), ('GDMSESSION', 'ubuntu'), ('LESSCLOSE', '/usr/bin/lesspipe %s %s'), ('LC_MEASUREMENT', 'es_CO.UTF-8'), ('GJS_DEBUG_OUTPUT', 'stderr'), ('LC_IDENTIFICATION', 'es_CO.UTF-8'), ('QT_IM_MODULE', 'ibus'), ('PWD', '/home/vincent-pc/ros2_humble/build/my_robot_description'), ('LC_ALL', 'en_US.UTF-8'), ('XDG_CONFIG_DIRS', '/etc/xdg/xdg-ubuntu:/etc/xdg'), ('XDG_DATA_DIRS', '/usr/share/ubuntu:/usr/local/share/:/usr/share/:/var/lib/snapd/desktop'), ('PYTHONPATH', '/opt/ros/humble/lib/python3.10/site-packages:/opt/ros/humble/local/lib/python3.10/dist-packages'), ('LC_NUMERIC', 'es_CO.UTF-8'), ('LC_PAPER', 'es_CO.UTF-8'), ('COLCON', '1'), ('VTE_VERSION', '6800'), ('CMAKE_PREFIX_PATH', '/home/vincent-pc/ros2_humble/install/my_robot_description:/opt/ros/humble')]), 'shell': False}
[0.065254] (my_robot_description) CommandEnded: {'returncode': 0}
[0.066294] (my_robot_description) JobProgress: {'identifier': 'my_robot_description', 'progress': 'install'}
[0.074673] (my_robot_description) Command: {'cmd': ['/usr/bin/cmake', '--install', '/home/vincent-pc/ros2_humble/build/my_robot_description'], 'cwd': '/home/vincent-pc/ros2_humble/build/my_robot_description', 'env': OrderedDict([('GJS_DEBUG_TOPICS', 'JS ERROR;JS LOG'), ('LESSOPEN', '| /usr/bin/lesspipe %s'), ('USER', 'vincent-pc'), ('LC_TIME', 'es_CO.UTF-8'), ('XDG_SESSION_TYPE', 'wayland'), ('SHLVL', '1'), ('LD_LIBRARY_PATH', '/opt/ros/humble/opt/rviz_ogre_vendor/lib:/opt/ros/humble/lib/x86_64-linux-gnu:/opt/ros/humble/lib'), ('HOME', '/home/vincent-pc'), ('DESKTOP_SESSION', 'ubuntu'), ('GIO_LAUNCHED_DESKTOP_FILE', '/usr/share/applications/terminator.desktop'), ('ROS_PYTHON_VERSION', '3'), ('GNOME_SHELL_SESSION_MODE', 'ubuntu'), ('GTK_MODULES', 'gail:atk-bridge'), ('LC_MONETARY', 'es_CO.UTF-8'), ('MANAGERPID', '2504'), ('SYSTEMD_EXEC_PID', '32900'), ('IM_CONFIG_CHECK_ENV', '1'), ('DBUS_SESSION_BUS_ADDRESS', 'unix:path=/run/user/1000/bus'), ('COLORTERM', 'truecolor'), ('TERMINATOR_DBUS_NAME', 'net.tenshu.Terminator25ef4b219e3b005583550f2b0f9f990c3'), ('GIO_LAUNCHED_DESKTOP_FILE_PID', '34745'), ('_colcon_cd_root', '/opt/ros/foxy/'), ('QT_QPA_PLATFORMTHEME', 'appmenu-qt5'), ('IM_CONFIG_PHASE', '1'), ('WAYLAND_DISPLAY', 'wayland-0'), ('COLCON_PREFIX_PATH', '/home/vincent-pc/ros2_humble/install'), ('ROS_DISTRO', 'humble'), ('LOGNAME', 'vincent-pc'), ('JOURNAL_STREAM', '8:432705'), ('_', '/usr/bin/colcon'), ('ROS_VERSION', '2'), ('XDG_SESSION_CLASS', 'user'), ('USERNAME', 'vincent-pc'), ('TERM', 'xterm-256color'), ('GNOME_DESKTOP_SESSION_ID', 'this-is-deprecated'), ('ROS_LOCALHOST_ONLY', '0'), ('PATH', '/opt/ros/humble/bin:/home/vincent-pc/bin:/home/vincent-pc/.local/bin:/home/vincent-pc/bin:/home/vincent-pc/.local/bin:/usr/local/sbin:/usr/local/bin:/usr/sbin:/usr/bin:/sbin:/bin:/usr/games:/usr/local/games:/snap/bin:/snap/bin'), ('SESSION_MANAGER', 'local/vincentpc-Aspire-A315-57G:@/tmp/.ICE-unix/32878,unix/vincentpc-Aspire-A315-57G:/tmp/.ICE-unix/32878'), ('INVOCATION_ID', 'a171d96a2e1141feb51a0d96843f0511'), ('XDG_MENU_PREFIX', 'gnome-'), ('LC_ADDRESS', 'es_CO.UTF-8'), ('GNOME_SETUP_DISPLAY', ':1'), ('XDG_RUNTIME_DIR', '/run/user/1000'), ('ZEITGEIST_DATA_PATH', '/home/vincent-pc/.local/share/zeitgeist'), ('DISPLAY', ':0'), ('TERMINATOR_DBUS_PATH', '/net/tenshu/Terminator2'), ('LANG', 'en_US.UTF-8'), ('XDG_CURRENT_DESKTOP', 'ubuntu:GNOME'), ('IBUS_DISABLE_SNOOPER', '1'), ('LC_TELEPHONE', 'es_CO.UTF-8'), ('XMODIFIERS', '@im=ibus'), ('XDG_SESSION_DESKTOP', 'ubuntu'), ('XAUTHORITY', '/run/user/1000/.mutter-Xwaylandauth.MGAC82'), ('LS_COLORS', 'rs=0:di=01;34:ln=01;36:mh=00:pi=40;33:so=01;35:do=01;35:bd=40;33;01:cd=40;33;01:or=40;31;01:mi=00:su=37;41:sg=30;43:ca=30;41:tw=30;42:ow=34;42:st=37;44:ex=01;32:*.tar=01;31:*.tgz=01;31:*.arc=01;31:*.arj=01;31:*.taz=01;31:*.lha=01;31:*.lz4=01;31:*.lzh=01;31:*.lzma=01;31:*.tlz=01;31:*.txz=01;31:*.tzo=01;31:*.t7z=01;31:*.zip=01;31:*.z=01;31:*.dz=01;31:*.gz=01;31:*.lrz=01;31:*.lz=01;31:*.lzo=01;31:*.xz=01;31:*.zst=01;31:*.tzst=01;31:*.bz2=01;31:*.bz=01;31:*.tbz=01;31:*.tbz2=01;31:*.tz=01;31:*.deb=01;31:*.rpm=01;31:*.jar=01;31:*.war=01;31:*.ear=01;31:*.sar=01;31:*.rar=01;31:*.alz=01;31:*.ace=01;31:*.zoo=01;31:*.cpio=01;31:*.7z=01;31:*.rz=01;31:*.cab=01;31:*.wim=01;31:*.swm=01;31:*.dwm=01;31:*.esd=01;31:*.jpg=01;35:*.jpeg=01;35:*.mjpg=01;35:*.mjpeg=01;35:*.gif=01;35:*.bmp=01;35:*.pbm=01;35:*.pgm=01;35:*.ppm=01;35:*.tga=01;35:*.xbm=01;35:*.xpm=01;35:*.tif=01;35:*.tiff=01;35:*.png=01;35:*.svg=01;35:*.svgz=01;35:*.mng=01;35:*.pcx=01;35:*.mov=01;35:*.mpg=01;35:*.mpeg=01;35:*.m2v=01;35:*.mkv=01;35:*.webm=01;35:*.webp=01;35:*.ogm=01;35:*.mp4=01;35:*.m4v=01;35:*.mp4v=01;35:*.vob=01;35:*.qt=01;35:*.nuv=01;35:*.wmv=01;35:*.asf=01;35:*.rm=01;35:*.rmvb=01;35:*.flc=01;35:*.avi=01;35:*.fli=01;35:*.flv=01;35:*.gl=01;35:*.dl=01;35:*.xcf=01;35:*.xwd=01;35:*.yuv=01;35:*.cgm=01;35:*.emf=01;35:*.ogv=01;35:*.ogx=01;35:*.aac=00;36:*.au=00;36:*.flac=00;36:*.m4a=00;36:*.mid=00;36:*.midi=00;36:*.mka=00;36:*.mp3=00;36:*.mpc=00;36:*.ogg=00;36:*.ra=00;36:*.wav=00;36:*.oga=00;36:*.opus=00;36:*.spx=00;36:*.xspf=00;36:'), ('SSH_AGENT_LAUNCHER', 'gnome-keyring'), ('SSH_AUTH_SOCK', '/run/user/1000/keyring/ssh'), ('ROS_DOMAIN_ID', '30'), ('AMENT_PREFIX_PATH', '/home/vincent-pc/ros2_humble/install/my_robot_description:/opt/ros/humble'), ('SHELL', '/bin/bash'), ('LC_NAME', 'es_CO.UTF-8'), ('TERMINATOR_UUID', 'urn:uuid:3eb0706f-95eb-4157-9339-6150e3b0e175'), ('QT_ACCESSIBILITY', '1'), ('GDMSESSION', 'ubuntu'), ('LESSCLOSE', '/usr/bin/lesspipe %s %s'), ('LC_MEASUREMENT', 'es_CO.UTF-8'), ('GJS_DEBUG_OUTPUT', 'stderr'), ('LC_IDENTIFICATION', 'es_CO.UTF-8'), ('QT_IM_MODULE', 'ibus'), ('PWD', '/home/vincent-pc/ros2_humble/build/my_robot_description'), ('LC_ALL', 'en_US.UTF-8'), ('XDG_CONFIG_DIRS', '/etc/xdg/xdg-ubuntu:/etc/xdg'), ('XDG_DATA_DIRS', '/usr/share/ubuntu:/usr/local/share/:/usr/share/:/var/lib/snapd/desktop'), ('PYTHONPATH', '/opt/ros/humble/lib/python3.10/site-packages:/opt/ros/humble/local/lib/python3.10/dist-packages'), ('LC_NUMERIC', 'es_CO.UTF-8'), ('LC_PAPER', 'es_CO.UTF-8'), ('COLCON', '1'), ('VTE_VERSION', '6800'), ('CMAKE_PREFIX_PATH', '/home/vincent-pc/ros2_humble/install/my_robot_description:/opt/ros/humble')]), 'shell': False}
[0.082808] (my_robot_description) StdoutLine: {'line': b'-- Install configuration: ""\n'}
[0.083067] (my_robot_description) StdoutLine: {'line': b'-- Up-to-date: /home/vincent-pc/ros2_humble/install/my_robot_description/share/my_robot_description//urdf\n'}
[0.083164] (my_robot_description) StdoutLine: {'line': b'-- Up-to-date: /home/vincent-pc/ros2_humble/install/my_robot_description/share/my_robot_description//urdf/mobile_base.xacro\n'}
[0.083316] (my_robot_description) StdoutLine: {'line': b'-- Up-to-date: /home/vincent-pc/ros2_humble/install/my_robot_description/share/my_robot_description//urdf/my_robot.urdf\n'}
[0.083446] (my_robot_description) StdoutLine: {'line': b'-- Up-to-date: /home/vincent-pc/ros2_humble/install/my_robot_description/share/my_robot_description//urdf/common_properties.xacro\n'}
[0.083535] (my_robot_description) StdoutLine: {'line': b'-- Up-to-date: /home/vincent-pc/ros2_humble/install/my_robot_description/share/my_robot_description//urdf/my_robot.urdf.xacro\n'}
[0.083610] (my_robot_description) StdoutLine: {'line': b'-- Up-to-date: /home/vincent-pc/ros2_humble/install/my_robot_description/share/my_robot_description//launch\n'}
[0.083667] (my_robot_description) StdoutLine: {'line': b'-- Up-to-date: /home/vincent-pc/ros2_humble/install/my_robot_description/share/my_robot_description//launch/display.launch.xml\n'}
[0.083724] (my_robot_description) StdoutLine: {'line': b'-- Up-to-date: /home/vincent-pc/ros2_humble/install/my_robot_description/share/my_robot_description//launch/display2.launch.xml\n'}
[0.083779] (my_robot_description) StdoutLine: {'line': b'-- Up-to-date: /home/vincent-pc/ros2_humble/install/my_robot_description/share/my_robot_description//launch/display2.launch.py\n'}
[0.083835] (my_robot_description) StdoutLine: {'line': b'-- Up-to-date: /home/vincent-pc/ros2_humble/install/my_robot_description/share/my_robot_description//launch/display.launch.py\n'}
[0.083963] (my_robot_description) StdoutLine: {'line': b'-- Up-to-date: /home/vincent-pc/ros2_humble/install/my_robot_description/share/my_robot_description//rviz\n'}
[0.084020] (my_robot_description) StdoutLine: {'line': b'-- Up-to-date: /home/vincent-pc/ros2_humble/install/my_robot_description/share/my_robot_description//rviz/urdf_config.rviz\n'}
[0.084095] (my_robot_description) StdoutLine: {'line': b'-- Up-to-date: /home/vincent-pc/ros2_humble/install/my_robot_description/share/ament_index/resource_index/package_run_dependencies/my_robot_description\n'}
[0.084150] (my_robot_description) StdoutLine: {'line': b'-- Up-to-date: /home/vincent-pc/ros2_humble/install/my_robot_description/share/ament_index/resource_index/parent_prefix_path/my_robot_description\n'}
[0.084215] (my_robot_description) StdoutLine: {'line': b'-- Up-to-date: /home/vincent-pc/ros2_humble/install/my_robot_description/share/my_robot_description/environment/ament_prefix_path.sh\n'}
[0.084273] (my_robot_description) StdoutLine: {'line': b'-- Up-to-date: /home/vincent-pc/ros2_humble/install/my_robot_description/share/my_robot_description/environment/ament_prefix_path.dsv\n'}
[0.084330] (my_robot_description) StdoutLine: {'line': b'-- Up-to-date: /home/vincent-pc/ros2_humble/install/my_robot_description/share/my_robot_description/environment/path.sh\n'}
[0.084426] (my_robot_description) StdoutLine: {'line': b'-- Up-to-date: /home/vincent-pc/ros2_humble/install/my_robot_description/share/my_robot_description/environment/path.dsv\n'}
[0.084482] (my_robot_description) StdoutLine: {'line': b'-- Up-to-date: /home/vincent-pc/ros2_humble/install/my_robot_description/share/my_robot_description/local_setup.bash\n'}
[0.084538] (my_robot_description) StdoutLine: {'line': b'-- Up-to-date: /home/vincent-pc/ros2_humble/install/my_robot_description/share/my_robot_description/local_setup.sh\n'}
[0.084593] (my_robot_description) StdoutLine: {'line': b'-- Up-to-date: /home/vincent-pc/ros2_humble/install/my_robot_description/share/my_robot_description/local_setup.zsh\n'}
[0.084656] (my_robot_description) StdoutLine: {'line': b'-- Up-to-date: /home/vincent-pc/ros2_humble/install/my_robot_description/share/my_robot_description/local_setup.dsv\n'}
[0.084709] (my_robot_description) StdoutLine: {'line': b'-- Installing: /home/vincent-pc/ros2_humble/install/my_robot_description/share/my_robot_description/package.dsv\n'}
[0.084767] (my_robot_description) StdoutLine: {'line': b'-- Up-to-date: /home/vincent-pc/ros2_humble/install/my_robot_description/share/ament_index/resource_index/packages/my_robot_description\n'}
[0.084823] (my_robot_description) StdoutLine: {'line': b'-- Up-to-date: /home/vincent-pc/ros2_humble/install/my_robot_description/share/my_robot_description/cmake/my_robot_descriptionConfig.cmake\n'}
[0.084881] (my_robot_description) StdoutLine: {'line': b'-- Up-to-date: /home/vincent-pc/ros2_humble/install/my_robot_description/share/my_robot_description/cmake/my_robot_descriptionConfig-version.cmake\n'}
[0.084961] (my_robot_description) StdoutLine: {'line': b'-- Up-to-date: /home/vincent-pc/ros2_humble/install/my_robot_description/share/my_robot_description/package.xml\n'}
[0.085906] (my_robot_description) CommandEnded: {'returncode': 0}
[0.100205] (-) TimerEvent: {}
[0.121998] (my_robot_description) JobEnded: {'identifier': 'my_robot_description', 'rc': 0}
[0.134445] (my_robot_bringup) StdoutLine: {'line': b'-- The C compiler identification is GNU 11.4.0\n'}
[0.200310] (-) TimerEvent: {}
[0.223164] (my_robot_bringup) StdoutLine: {'line': b'-- The CXX compiler identification is GNU 11.4.0\n'}
[0.233990] (my_robot_bringup) StdoutLine: {'line': b'-- Detecting C compiler ABI info\n'}
[0.298952] (my_robot_bringup) StdoutLine: {'line': b'-- Detecting C compiler ABI info - done\n'}
[0.300416] (-) TimerEvent: {}
[0.305723] (my_robot_bringup) StdoutLine: {'line': b'-- Check for working C compiler: /usr/bin/cc - skipped\n'}
[0.306149] (my_robot_bringup) StdoutLine: {'line': b'-- Detecting C compile features\n'}
[0.306748] (my_robot_bringup) StdoutLine: {'line': b'-- Detecting C compile features - done\n'}
[0.311204] (my_robot_bringup) StdoutLine: {'line': b'-- Detecting CXX compiler ABI info\n'}
[0.388924] (my_robot_bringup) StdoutLine: {'line': b'-- Detecting CXX compiler ABI info - done\n'}
[0.397191] (my_robot_bringup) StdoutLine: {'line': b'-- Check for working CXX compiler: /usr/bin/c++ - skipped\n'}
[0.397563] (my_robot_bringup) StdoutLine: {'line': b'-- Detecting CXX compile features\n'}
[0.398146] (my_robot_bringup) StdoutLine: {'line': b'-- Detecting CXX compile features - done\n'}
[0.400499] (-) TimerEvent: {}
[0.403534] (my_robot_bringup) StdoutLine: {'line': b'-- Found ament_cmake: 1.3.11 (/opt/ros/humble/share/ament_cmake/cmake)\n'}
[0.500605] (-) TimerEvent: {}
[0.562757] (my_robot_bringup) StdoutLine: {'line': b'-- Found Python3: /usr/bin/python3 (found version "3.10.12") found components: Interpreter \n'}
[0.600714] (-) TimerEvent: {}
[0.700948] (-) TimerEvent: {}
[0.755732] (my_robot_bringup) StderrLine: {'line': b"Error parsing '/home/vincent-pc/ros2_humble/src/my_robot_bringup/package.xml':\n"}
[0.801059] (-) TimerEvent: {}
[0.813822] (my_robot_bringup) StderrLine: {'line': b'Traceback (most recent call last):\n'}
[0.814032] (my_robot_bringup) StderrLine: {'line': b'  File "/usr/lib/python3/dist-packages/catkin_pkg/package.py", line 610, in parse_package_string\n'}
[0.814099] (my_robot_bringup) StderrLine: {'line': b'    root = dom.parseString(data)\n'}
[0.814158] (my_robot_bringup) StderrLine: {'line': b'  File "/usr/lib/python3.10/xml/dom/minidom.py", line 2000, in parseString\n'}
[0.814459] (my_robot_bringup) StderrLine: {'line': b'    return expatbuilder.parseString(string)\n'}
[0.814602] (my_robot_bringup) StderrLine: {'line': b'  File "/usr/lib/python3.10/xml/dom/expatbuilder.py", line 925, in parseString\n'}
[0.814838] (my_robot_bringup) StderrLine: {'line': b'    return builder.parseString(string)\n'}
[0.814904] (my_robot_bringup) StderrLine: {'line': b'  File "/usr/lib/python3.10/xml/dom/expatbuilder.py", line 223, in parseString\n'}
[0.815044] (my_robot_bringup) StderrLine: {'line': b'    parser.Parse(string, True)\n'}
[0.815104] (my_robot_bringup) StderrLine: {'line': b'xml.parsers.expat.ExpatError: mismatched tag: line 22, column 2\n'}
[0.815224] (my_robot_bringup) StderrLine: {'line': b'\n'}
[0.815281] (my_robot_bringup) StderrLine: {'line': b'During handling of the above exception, another exception occurred:\n'}
[0.815337] (my_robot_bringup) StderrLine: {'line': b'\n'}
[0.815392] (my_robot_bringup) StderrLine: {'line': b'Traceback (most recent call last):\n'}
[0.815446] (my_robot_bringup) StderrLine: {'line': b'  File "/opt/ros/humble/share/ament_cmake_core/cmake/core/package_xml_2_cmake.py", line 150, in <module>\n'}
[0.815501] (my_robot_bringup) StderrLine: {'line': b'    main()\n'}
[0.815573] (my_robot_bringup) StderrLine: {'line': b'  File "/opt/ros/humble/share/ament_cmake_core/cmake/core/package_xml_2_cmake.py", line 53, in main\n'}
[0.815626] (my_robot_bringup) StderrLine: {'line': b'    raise e\n'}
[0.815677] (my_robot_bringup) StderrLine: {'line': b'  File "/opt/ros/humble/share/ament_cmake_core/cmake/core/package_xml_2_cmake.py", line 49, in main\n'}
[0.815729] (my_robot_bringup) StderrLine: {'line': b'    package = parse_package_string(\n'}
[0.815782] (my_robot_bringup) StderrLine: {'line': b'  File "/usr/lib/python3/dist-packages/catkin_pkg/package.py", line 612, in parse_package_string\n'}
[0.815837] (my_robot_bringup) StderrLine: {'line': b"    raise InvalidPackage('The manifest contains invalid XML:\\n%s' % ex, filename)\n"}
[0.815895] (my_robot_bringup) StderrLine: {'line': b"catkin_pkg.package.InvalidPackage: Error(s) in package '/home/vincent-pc/ros2_humble/src/my_robot_bringup/package.xml':\n"}
[0.815975] (my_robot_bringup) StderrLine: {'line': b'The manifest contains invalid XML:\n'}
[0.816033] (my_robot_bringup) StderrLine: {'line': b'mismatched tag: line 22, column 2\n'}
[0.834550] (my_robot_bringup) StderrLine: {'line': b'\x1b[31mCMake Error at /opt/ros/humble/share/ament_cmake_core/cmake/core/ament_package_xml.cmake:95 (message):\n'}
[0.834836] (my_robot_bringup) StderrLine: {'line': b'  execute_process(/usr/bin/python3\n'}
[0.834901] (my_robot_bringup) StderrLine: {'line': b'  /opt/ros/humble/share/ament_cmake_core/cmake/core/package_xml_2_cmake.py\n'}
[0.834967] (my_robot_bringup) StderrLine: {'line': b'  /home/vincent-pc/ros2_humble/src/my_robot_bringup/package.xml\n'}
[0.835019] (my_robot_bringup) StderrLine: {'line': b'  /home/vincent-pc/ros2_humble/build/my_robot_bringup/ament_cmake_core/package.cmake)\n'}
[0.835068] (my_robot_bringup) StderrLine: {'line': b'  returned error code 1\n'}
[0.835118] (my_robot_bringup) StderrLine: {'line': b'Call Stack (most recent call first):\n'}
[0.835169] (my_robot_bringup) StderrLine: {'line': b'  /opt/ros/humble/share/ament_cmake_core/cmake/core/ament_package_xml.cmake:49 (_ament_package_xml)\n'}
[0.835226] (my_robot_bringup) StderrLine: {'line': b'  /opt/ros/humble/share/ament_cmake_core/cmake/core/ament_package.cmake:63 (ament_package_xml)\n'}
[0.835277] (my_robot_bringup) StderrLine: {'line': b'  CMakeLists.txt:16 (ament_package)\n'}
[0.835325] (my_robot_bringup) StderrLine: {'line': b'\n'}
[0.835375] (my_robot_bringup) StderrLine: {'line': b'\x1b[0m\n'}
[0.835423] (my_robot_bringup) StdoutLine: {'line': b'-- Configuring incomplete, errors occurred!\n'}
[0.835481] (my_robot_bringup) StdoutLine: {'line': b'See also "/home/vincent-pc/ros2_humble/build/my_robot_bringup/CMakeFiles/CMakeOutput.log".\n'}
[0.838543] (my_robot_bringup) CommandEnded: {'returncode': 1}
[0.839110] (my_robot_bringup) JobEnded: {'identifier': 'my_robot_bringup', 'rc': 1}
[0.850489] (-) EventReactorShutdown: {}
