[0.016s] Invoking command in '/home/vincent-pc/ros2_humble/build/my_robot_bringup': /usr/bin/cmake /home/vincent-pc/ros2_humble/src/my_robot_bringup -DCMAKE_INSTALL_PREFIX=/home/vincent-pc/ros2_humble/install/my_robot_bringup
[0.134s] -- The C compiler identification is GNU 11.4.0
[0.222s] -- The CXX compiler identification is GNU 11.4.0
[0.233s] -- Detecting C compiler ABI info
[0.298s] -- Detecting C compiler ABI info - done
[0.305s] -- Check for working C compiler: /usr/bin/cc - skipped
[0.305s] -- Detecting C compile features
[0.306s] -- Detecting C compile features - done
[0.310s] -- Detecting CXX compiler ABI info
[0.388s] -- Detecting CXX compiler ABI info - done
[0.396s] -- Check for working CXX compiler: /usr/bin/c++ - skipped
[0.397s] -- Detecting CXX compile features
[0.397s] -- Detecting CXX compile features - done
[0.403s] -- Found ament_cmake: 1.3.11 (/opt/ros/humble/share/ament_cmake/cmake)
[0.562s] -- Found Python3: /usr/bin/python3 (found version "3.10.12") found components: Interpreter 
[0.755s] Error parsing '/home/vincent-pc/ros2_humble/src/my_robot_bringup/package.xml':
[0.813s] Traceback (most recent call last):
[0.813s]   File "/usr/lib/python3/dist-packages/catkin_pkg/package.py", line 610, in parse_package_string
[0.813s]     root = dom.parseString(data)
[0.813s]   File "/usr/lib/python3.10/xml/dom/minidom.py", line 2000, in parseString
[0.814s]     return expatbuilder.parseString(string)
[0.814s]   File "/usr/lib/python3.10/xml/dom/expatbuilder.py", line 925, in parseString
[0.814s]     return builder.parseString(string)
[0.814s]   File "/usr/lib/python3.10/xml/dom/expatbuilder.py", line 223, in parseString
[0.814s]     parser.Parse(string, True)
[0.814s] xml.parsers.expat.ExpatError: mismatched tag: line 22, column 2
[0.814s] 
[0.814s] During handling of the above exception, another exception occurred:
[0.814s] 
[0.815s] Traceback (most recent call last):
[0.815s]   File "/opt/ros/humble/share/ament_cmake_core/cmake/core/package_xml_2_cmake.py", line 150, in <module>
[0.815s]     main()
[0.815s]   File "/opt/ros/humble/share/ament_cmake_core/cmake/core/package_xml_2_cmake.py", line 53, in main
[0.815s]     raise e
[0.815s]   File "/opt/ros/humble/share/ament_cmake_core/cmake/core/package_xml_2_cmake.py", line 49, in main
[0.815s]     package = parse_package_string(
[0.815s]   File "/usr/lib/python3/dist-packages/catkin_pkg/package.py", line 612, in parse_package_string
[0.815s]     raise InvalidPackage('The manifest contains invalid XML:\n%s' % ex, filename)
[0.815s] catkin_pkg.package.InvalidPackage: Error(s) in package '/home/vincent-pc/ros2_humble/src/my_robot_bringup/package.xml':
[0.815s] The manifest contains invalid XML:
[0.815s] mismatched tag: line 22, column 2
[0.834s] [31mCMake Error at /opt/ros/humble/share/ament_cmake_core/cmake/core/ament_package_xml.cmake:95 (message):
[0.834s]   execute_process(/usr/bin/python3
[0.834s]   /opt/ros/humble/share/ament_cmake_core/cmake/core/package_xml_2_cmake.py
[0.834s]   /home/vincent-pc/ros2_humble/src/my_robot_bringup/package.xml
[0.834s]   /home/vincent-pc/ros2_humble/build/my_robot_bringup/ament_cmake_core/package.cmake)
[0.834s]   returned error code 1
[0.834s] Call Stack (most recent call first):
[0.834s]   /opt/ros/humble/share/ament_cmake_core/cmake/core/ament_package_xml.cmake:49 (_ament_package_xml)
[0.834s]   /opt/ros/humble/share/ament_cmake_core/cmake/core/ament_package.cmake:63 (ament_package_xml)
[0.834s]   CMakeLists.txt:16 (ament_package)
[0.834s] 
[0.835s] [0m
[0.835s] -- Configuring incomplete, errors occurred!
[0.835s] See also "/home/vincent-pc/ros2_humble/build/my_robot_bringup/CMakeFiles/CMakeOutput.log".
[0.838s] Invoked command in '/home/vincent-pc/ros2_humble/build/my_robot_bringup' returned '1': /usr/bin/cmake /home/vincent-pc/ros2_humble/src/my_robot_bringup -DCMAKE_INSTALL_PREFIX=/home/vincent-pc/ros2_humble/install/my_robot_bringup
